A   clearance=0.165 gap=+0.160 used=1.05 offset=[0.33, 0.003, -0.409]
B   clearance=0.196 gap=+0.160 used=1.05 offset=[0.482, -0.035, -0.205]
Ç   clearance=0.086 gap=+0.160 used=1.05 offset=[0.214, 0.479, -0.003]
D   clearance=0.173 gap=+0.160 used=1.05 offset=[0.487, 0.034, 0.192]
E   clearance=0.356 gap=+0.160 used=1.05 offset=[0.207, 0.289, -0.387]
F   clearance=0.212 gap=+0.160 used=1.05 offset=[0.508, -0.112, 0.075]
G   clearance=0.178 gap=+0.160 used=1.05 offset=[0.393, 0.348, 0.012]
Ğ   clearance=0.178 gap=+0.160 used=1.05 offset=[0.393, 0.348, 0.012]
H   clearance=0.322 gap=+0.160 used=1.05 offset=[0.426, -0.268, 0.149]
İ   clearance=0.181 gap=+0.160 used=1.05 offset=[0.048, 0.485, -0.195]
J   clearance=0.181 gap=+0.160 used=1.05 offset=[0.16, 0.472, -0.165]
K   clearance=0.202 gap=+0.160 used=1.05 offset=[0.352, 0.386, 0.048]
M   clearance=0.159 gap=+0.160 used=1.05 offset=[-0.525, -0.0, 0.0]
N   clearance=0.161 gap=+0.160 used=1.05 offset=[-0.524, 0.022, -0.033]
Ö   clearance=0.056 gap=+0.160 used=1.05 offset=[0.396, 0.279, -0.202]
R   clearance=0.167 gap=+0.160 used=1.05 offset=[0.105, 0.495, 0.14]
S   clearance=0.173 gap=+0.160 used=1.05 offset=[0.225, -0.379, 0.285]
Ş   clearance=0.166 gap=+0.160 used=1.05 offset=[0.062, 0.419, -0.31]
T   clearance=0.196 gap=+0.160 used=1.05 offset=[0.268, 0.451, 0.026]
Ü   clearance=0.172 gap=+0.160 used=1.05 offset=[0.12, 0.353, -0.37]
Y   clearance=0.178 gap=+0.160 used=1.05 offset=[0.192, -0.398, 0.284]
Z   clearance=0.170 gap=+0.160 used=1.05 offset=[-0.496, -0.168, 0.029]
wrote C:/Users/Furkan/Desktop/Digitra AI\apps/web/src/components/tid/approach-offsets.json
